// 重构日志: c01a9519
// 同步 ID: f90752e6 @ Thu Jul 23 10:20:24 UTC 2026
// 重构日志: 00b83ec4
// 重构日志: 11bd6d1d
// 重构日志: 40354775
// 重构日志: 1eefb750
// 重构日志: abd11d6e
// 同步 ID: 682bf861 @ Sun Jul 26 07:38:07 UTC 2026
// 重构日志: f9b60e35
// 同步 ID: 26c38213 @ Sun Jul 26 12:09:59 UTC 2026
// 重构日志: 5c963e60
// 重构日志: c61ce0c3
// 重构日志: a32f73b2
// 重构日志: 0dbe7b90
// 重构日志: 775a228b
// 重构日志: 39413db7
// 重构日志: 482c13aa
// 重构日志: 3da6a0b0
// 重构日志: 780e1a1a
// 同步 ID: 80f69cef @ Fri Jul 31 15:42:56 UTC 2026
// 同步 ID: 210227ac @ Fri Jul 31 20:43:02 UTC 2026
// 同步 ID: a17c633d @ Sat Aug  1 04:34:44 UTC 2026
// 重构日志: 6ec8b2e5
// 重构日志: 163fbcd8
// 同步 ID: c56f0563 @ Sat Aug  1 22:37:58 UTC 2026
// 重构日志: 44de6c01
// 重构日志: 60e26abb
// 重构日志: 32296d33
// 重构日志: f1fa90f3
// 同步 ID: 87111450 @ Tue Aug  4 01:30:31 UTC 2026
// 重构日志: d80db7cb
